###############################################################################
#
# IAR ELF Linker V7.80.2.11947/W32 for ARM                30/Jan/2019  22:52:58
# Copyright 2007-2016 IAR Systems AB.
#
#    Output file  =  
#        C:\Users\Sabari\Desktop\ARM-PRJ\timer\Debug\Exe\systick.out
#    Map file     =  
#        C:\Users\Sabari\Desktop\ARM-PRJ\timer\Debug\List\systick.map
#    Command line =  
#        C:\Users\Sabari\Desktop\ARM-PRJ\timer\Debug\Obj\bsp.o
#        C:\Users\Sabari\Desktop\ARM-PRJ\timer\Debug\Obj\main.o
#        C:\Users\Sabari\Desktop\ARM-PRJ\timer\Debug\Obj\startup_tm4c.o -o
#        C:\Users\Sabari\Desktop\ARM-PRJ\timer\Debug\Exe\systick.out --redirect
#        _Printf=_PrintfFull --redirect _Scanf=_ScanfFull --map
#        C:\Users\Sabari\Desktop\ARM-PRJ\timer\Debug\List\systick.map --config
#        "C:\Program Files (x86)\IAR Systems\Embedded Workbench
#        7.5\arm\config\linker\TexasInstruments\TM4C123GH6.icf" --semihosting
#        --entry __iar_program_start --vfe
#
###############################################################################

*******************************************************************************
*** RUNTIME MODEL ATTRIBUTES
***

CppFlavor       = *
__SystemLibrary = DLib


*******************************************************************************
*** PLACEMENT SUMMARY
***

"A0":  place at 0x00000000 { ro section .intvec };
"P1":  place in [from 0x00000000 to 0x0003ffff] { ro };
"P2":  place in [from 0x20000000 to 0x20007fff] { rw, block CSTACK, block HEAP };

  Section          Kind        Address    Size  Object
  -------          ----        -------    ----  ------
"A0":                                    0x26c
  .intvec          const    0x00000000   0x26c  startup_tm4c.o [1]
                          - 0x0000026c   0x26c

"P1":                                    0x28c
  .text            ro code  0x0000026c   0x108  bsp.o [1]
  .text            ro code  0x00000374    0x54  startup_tm4c.o [1]
  .text            ro code  0x000003c8    0x40  zero_init3.o [4]
  .text            ro code  0x00000408    0x30  main.o [1]
  .text            ro code  0x00000438    0x28  data_init.o [4]
  .iar.init_table  const    0x00000460    0x10  - Linker created -
  .text            ro code  0x00000470    0x1a  cmain.o [4]
  .text            ro code  0x0000048a     0x4  low_level_init.o [3]
  .text            ro code  0x0000048e     0x4  exit.o [3]
  .text            ro code  0x00000494     0xa  cexit.o [4]
  .text            ro code  0x000004a0    0x14  exit.o [5]
  .rodata          const    0x000004b4     0xc  startup_tm4c.o [1]
  .rodata          const    0x000004c0     0xc  startup_tm4c.o [1]
  .rodata          const    0x000004cc     0xc  startup_tm4c.o [1]
  .rodata          const    0x000004d8     0xc  startup_tm4c.o [1]
  .text            ro code  0x000004e4     0xc  cstartup_M.o [4]
  .rodata          const    0x000004f0     0x8  startup_tm4c.o [1]
  .rodata          const    0x000004f8     0x0  zero_init3.o [4]
                          - 0x000004f8   0x28c

"P2", part 1 of 2:                         0x4
  .bss             zero     0x20000000     0x1  bsp.o [1]
                          - 0x20000001     0x1

"P2", part 2 of 2:                      0x1000
  CSTACK                    0x20000008  0x1000  <Block>
    CSTACK         uninit   0x20000008  0x1000  <Block tail>
                          - 0x20001008  0x1000


*******************************************************************************
*** INIT TABLE
***

          Address     Size
          -------     ----
Zero (__iar_zero_init3)
    1 destination range, total size 0x1:
          0x20000000   0x1



*******************************************************************************
*** MODULE SUMMARY
***

    Module            ro code  ro data  rw data
    ------            -------  -------  -------
C:\Users\Sabari\Desktop\ARM-PRJ\timer\Debug\Obj: [1]
    bsp.o                 264                 1
    main.o                 48
    startup_tm4c.o         84      676
    -------------------------------------------
    Total:                396      676        1

command line: [2]
    -------------------------------------------
    Total:

dl7M_tln.a: [3]
    exit.o                  4
    low_level_init.o        4
    -------------------------------------------
    Total:                  8

rt7M_tl.a: [4]
    cexit.o                10
    cmain.o                26
    cstartup_M.o           12
    data_init.o            40
    zero_init3.o           64
    -------------------------------------------
    Total:                152

shb_l.a: [5]
    exit.o                 20
    -------------------------------------------
    Total:                 20

    Gaps                    4
    Linker created                  16    4 096
-----------------------------------------------
    Grand Total:          580      692    4 097


*******************************************************************************
*** ENTRY LIST
***

Entry                      Address   Size  Type      Object
-----                      -------   ----  ----      ------
.iar.init_table$$Base   0x00000460          --   Gb  - Linker created -
.iar.init_table$$Limit  0x00000470          --   Gb  - Linker created -
?main                   0x00000471         Code  Gb  cmain.o [4]
ADC1Seq0_IRQHandler     0x000003a7    0xa  Code  Wk  startup_tm4c.o [1]
ADC1Seq1_IRQHandler     0x000003a7    0xa  Code  Wk  startup_tm4c.o [1]
ADC1Seq2_IRQHandler     0x000003a7    0xa  Code  Wk  startup_tm4c.o [1]
ADC1Seq3_IRQHandler     0x000003a7    0xa  Code  Wk  startup_tm4c.o [1]
ADCSeq0_IRQHandler      0x000003a7    0xa  Code  Wk  startup_tm4c.o [1]
ADCSeq1_IRQHandler      0x000003a7    0xa  Code  Wk  startup_tm4c.o [1]
ADCSeq2_IRQHandler      0x000003a7    0xa  Code  Wk  startup_tm4c.o [1]
ADCSeq3_IRQHandler      0x000003a7    0xa  Code  Wk  startup_tm4c.o [1]
BusFault_Handler        0x00000393    0xa  Code  Gb  startup_tm4c.o [1]
CAN0_IRQHandler         0x000003a7    0xa  Code  Wk  startup_tm4c.o [1]
CAN1_IRQHandler         0x000003a7    0xa  Code  Wk  startup_tm4c.o [1]
CAN2_IRQHandler         0x000003a7    0xa  Code  Wk  startup_tm4c.o [1]
CSTACK$$Base            0x20000008          --   Gb  - Linker created -
CSTACK$$Limit           0x20001008         Data  Gb  - Linker created -
Comp0_IRQHandler        0x000003a7    0xa  Code  Wk  startup_tm4c.o [1]
Comp1_IRQHandler        0x000003a7    0xa  Code  Wk  startup_tm4c.o [1]
Comp2_IRQHandler        0x000003a7    0xa  Code  Wk  startup_tm4c.o [1]
DebugMon_Handler        0x000003a7    0xa  Code  Wk  startup_tm4c.o [1]
EBI0_IRQHandler         0x000003a7    0xa  Code  Wk  startup_tm4c.o [1]
FPU_IRQHandler          0x000003a7    0xa  Code  Wk  startup_tm4c.o [1]
Fan0_IRQHandler         0x000003a7    0xa  Code  Wk  startup_tm4c.o [1]
FlashCtrl_IRQHandler    0x000003a7    0xa  Code  Wk  startup_tm4c.o [1]
GPIOPortA_IRQHandler    0x000003a7    0xa  Code  Wk  startup_tm4c.o [1]
GPIOPortB_IRQHandler    0x000003a7    0xa  Code  Wk  startup_tm4c.o [1]
GPIOPortC_IRQHandler    0x000003a7    0xa  Code  Wk  startup_tm4c.o [1]
GPIOPortD_IRQHandler    0x000003a7    0xa  Code  Wk  startup_tm4c.o [1]
GPIOPortE_IRQHandler    0x000003a7    0xa  Code  Wk  startup_tm4c.o [1]
GPIOPortF_IRQHandler    0x000003a7    0xa  Code  Wk  startup_tm4c.o [1]
GPIOPortG_IRQHandler    0x000003a7    0xa  Code  Wk  startup_tm4c.o [1]
GPIOPortH_IRQHandler    0x000003a7    0xa  Code  Wk  startup_tm4c.o [1]
GPIOPortJ_IRQHandler    0x000003a7    0xa  Code  Wk  startup_tm4c.o [1]
GPIOPortK_IRQHandler    0x000003a7    0xa  Code  Wk  startup_tm4c.o [1]
GPIOPortL_IRQHandler    0x000003a7    0xa  Code  Wk  startup_tm4c.o [1]
GPIOPortM_IRQHandler    0x000003a7    0xa  Code  Wk  startup_tm4c.o [1]
GPIOPortN_IRQHandler    0x000003a7    0xa  Code  Wk  startup_tm4c.o [1]
GPIOPortP0_IRQHandler   0x000003a7    0xa  Code  Wk  startup_tm4c.o [1]
GPIOPortP1_IRQHandler   0x000003a7    0xa  Code  Wk  startup_tm4c.o [1]
GPIOPortP2_IRQHandler   0x000003a7    0xa  Code  Wk  startup_tm4c.o [1]
GPIOPortP3_IRQHandler   0x000003a7    0xa  Code  Wk  startup_tm4c.o [1]
GPIOPortP4_IRQHandler   0x000003a7    0xa  Code  Wk  startup_tm4c.o [1]
GPIOPortP5_IRQHandler   0x000003a7    0xa  Code  Wk  startup_tm4c.o [1]
GPIOPortP6_IRQHandler   0x000003a7    0xa  Code  Wk  startup_tm4c.o [1]
GPIOPortP7_IRQHandler   0x000003a7    0xa  Code  Wk  startup_tm4c.o [1]
GPIOPortQ0_IRQHandler   0x000003a7    0xa  Code  Wk  startup_tm4c.o [1]
GPIOPortQ1_IRQHandler   0x000003a7    0xa  Code  Wk  startup_tm4c.o [1]
GPIOPortQ2_IRQHandler   0x000003a7    0xa  Code  Wk  startup_tm4c.o [1]
GPIOPortQ3_IRQHandler   0x000003a7    0xa  Code  Wk  startup_tm4c.o [1]
GPIOPortQ4_IRQHandler   0x000003a7    0xa  Code  Wk  startup_tm4c.o [1]
GPIOPortQ5_IRQHandler   0x000003a7    0xa  Code  Wk  startup_tm4c.o [1]
GPIOPortQ6_IRQHandler   0x000003a7    0xa  Code  Wk  startup_tm4c.o [1]
GPIOPortQ7_IRQHandler   0x000003a7    0xa  Code  Wk  startup_tm4c.o [1]
GPIOPortR_IRQHandler    0x000003a7    0xa  Code  Wk  startup_tm4c.o [1]
GPIOPortS_IRQHandler    0x000003a7    0xa  Code  Wk  startup_tm4c.o [1]
HardFault_Handler       0x00000375    0xa  Code  Gb  startup_tm4c.o [1]
Hibernate_IRQHandler    0x000003a7    0xa  Code  Wk  startup_tm4c.o [1]
I2C0_IRQHandler         0x000003a7    0xa  Code  Wk  startup_tm4c.o [1]
I2C1_IRQHandler         0x000003a7    0xa  Code  Wk  startup_tm4c.o [1]
I2C2_IRQHandler         0x000003a7    0xa  Code  Wk  startup_tm4c.o [1]
I2C3_IRQHandler         0x000003a7    0xa  Code  Wk  startup_tm4c.o [1]
I2C4_IRQHandler         0x000003a7    0xa  Code  Wk  startup_tm4c.o [1]
I2C5_IRQHandler         0x000003a7    0xa  Code  Wk  startup_tm4c.o [1]
I2S0_IRQHandler         0x000003a7    0xa  Code  Wk  startup_tm4c.o [1]
LPC0_IRQHandler         0x000003a7    0xa  Code  Wk  startup_tm4c.o [1]
LedInit                 0x0000029d   0x1a  Code  Gb  bsp.o [1]
MemManage_Handler       0x00000389    0xa  Code  Gb  startup_tm4c.o [1]
NMI_Handler             0x0000037f    0xa  Code  Gb  startup_tm4c.o [1]
NVIC_EnableIRQ          0x0000026d   0x14  Code  Lc  bsp.o [1]
NVIC_SystemReset        0x00000281   0x1c  Code  Lc  bsp.o [1]
PECI0_IRQHandler        0x000003a7    0xa  Code  Wk  startup_tm4c.o [1]
PWM1Fault_IRQHandler    0x000003a7    0xa  Code  Wk  startup_tm4c.o [1]
PWM1Gen0_IRQHandler     0x000003a7    0xa  Code  Wk  startup_tm4c.o [1]
PWM1Gen1_IRQHandler     0x000003a7    0xa  Code  Wk  startup_tm4c.o [1]
PWM1Gen2_IRQHandler     0x000003a7    0xa  Code  Wk  startup_tm4c.o [1]
PWM1Gen3_IRQHandler     0x000003a7    0xa  Code  Wk  startup_tm4c.o [1]
PWMFault_IRQHandler     0x000003a7    0xa  Code  Wk  startup_tm4c.o [1]
PWMGen0_IRQHandler      0x000003a7    0xa  Code  Wk  startup_tm4c.o [1]
PWMGen1_IRQHandler      0x000003a7    0xa  Code  Wk  startup_tm4c.o [1]
PWMGen2_IRQHandler      0x000003a7    0xa  Code  Wk  startup_tm4c.o [1]
PWMGen3_IRQHandler      0x000003a7    0xa  Code  Wk  startup_tm4c.o [1]
PendSV_Handler          0x000003a7    0xa  Code  Wk  startup_tm4c.o [1]
QEI0_IRQHandler         0x000003a7    0xa  Code  Wk  startup_tm4c.o [1]
QEI1_IRQHandler         0x000003a7    0xa  Code  Wk  startup_tm4c.o [1]
QEI2_IRQHandler         0x000003a7    0xa  Code  Wk  startup_tm4c.o [1]
Region$$Table$$Base     0x00000460          --   Gb  - Linker created -
Region$$Table$$Limit    0x00000470          --   Gb  - Linker created -
SSI0_IRQHandler         0x000003a7    0xa  Code  Wk  startup_tm4c.o [1]
SSI1_IRQHandler         0x000003a7    0xa  Code  Wk  startup_tm4c.o [1]
SSI2_IRQHandler         0x000003a7    0xa  Code  Wk  startup_tm4c.o [1]
SSI3_IRQHandler         0x000003a7    0xa  Code  Wk  startup_tm4c.o [1]
SVC_Handler             0x000003a7    0xa  Code  Wk  startup_tm4c.o [1]
SysCtrl_IRQHandler      0x000003a7    0xa  Code  Wk  startup_tm4c.o [1]
SysTick_Handler         0x000003a7    0xa  Code  Wk  startup_tm4c.o [1]
Timer0A_IRQHandler      0x00000325    0xe  Code  Gb  bsp.o [1]
Timer0B_IRQHandler      0x000003a7    0xa  Code  Wk  startup_tm4c.o [1]
Timer1A_IRQHandler      0x000003a7    0xa  Code  Wk  startup_tm4c.o [1]
Timer1B_IRQHandler      0x000003a7    0xa  Code  Wk  startup_tm4c.o [1]
Timer2A_IRQHandler      0x000003a7    0xa  Code  Wk  startup_tm4c.o [1]
Timer2B_IRQHandler      0x000003a7    0xa  Code  Wk  startup_tm4c.o [1]
Timer3A_IRQHandler      0x000003a7    0xa  Code  Wk  startup_tm4c.o [1]
Timer3B_IRQHandler      0x000003a7    0xa  Code  Wk  startup_tm4c.o [1]
Timer4A_IRQHandler      0x000003a7    0xa  Code  Wk  startup_tm4c.o [1]
Timer4B_IRQHandler      0x000003a7    0xa  Code  Wk  startup_tm4c.o [1]
Timer5A_IRQHandler      0x000003a7    0xa  Code  Wk  startup_tm4c.o [1]
Timer5B_IRQHandler      0x000003a7    0xa  Code  Wk  startup_tm4c.o [1]
TimerInit               0x000002b7   0x68  Code  Gb  bsp.o [1]
UART0_IRQHandler        0x000003a7    0xa  Code  Wk  startup_tm4c.o [1]
UART1_IRQHandler        0x000003a7    0xa  Code  Wk  startup_tm4c.o [1]
UART2_IRQHandler        0x000003a7    0xa  Code  Wk  startup_tm4c.o [1]
UART3_IRQHandler        0x000003a7    0xa  Code  Wk  startup_tm4c.o [1]
UART4_IRQHandler        0x000003a7    0xa  Code  Wk  startup_tm4c.o [1]
UART5_IRQHandler        0x000003a7    0xa  Code  Wk  startup_tm4c.o [1]
UART6_IRQHandler        0x000003a7    0xa  Code  Wk  startup_tm4c.o [1]
UART7_IRQHandler        0x000003a7    0xa  Code  Wk  startup_tm4c.o [1]
USB0_IRQHandler         0x000003a7    0xa  Code  Wk  startup_tm4c.o [1]
Unused_Handler          0x000003a7    0xa  Code  Gb  startup_tm4c.o [1]
UsageFault_Handler      0x0000039d    0xa  Code  Gb  startup_tm4c.o [1]
Watchdog_IRQHandler     0x000003a7    0xa  Code  Wk  startup_tm4c.o [1]
WideTimer0A_IRQHandler  0x000003a7    0xa  Code  Wk  startup_tm4c.o [1]
WideTimer0B_IRQHandler  0x000003a7    0xa  Code  Wk  startup_tm4c.o [1]
WideTimer1A_IRQHandler  0x000003a7    0xa  Code  Wk  startup_tm4c.o [1]
WideTimer1B_IRQHandler  0x000003a7    0xa  Code  Wk  startup_tm4c.o [1]
WideTimer2A_IRQHandler  0x000003a7    0xa  Code  Wk  startup_tm4c.o [1]
WideTimer2B_IRQHandler  0x000003a7    0xa  Code  Wk  startup_tm4c.o [1]
WideTimer3A_IRQHandler  0x000003a7    0xa  Code  Wk  startup_tm4c.o [1]
WideTimer3B_IRQHandler  0x000003a7    0xa  Code  Wk  startup_tm4c.o [1]
WideTimer4A_IRQHandler  0x000003a7    0xa  Code  Wk  startup_tm4c.o [1]
WideTimer4B_IRQHandler  0x000003a7    0xa  Code  Wk  startup_tm4c.o [1]
WideTimer5A_IRQHandler  0x000003a7    0xa  Code  Wk  startup_tm4c.o [1]
WideTimer5B_IRQHandler  0x000003a7    0xa  Code  Wk  startup_tm4c.o [1]
__cmain                 0x00000471         Code  Gb  cmain.o [4]
__exit                  0x000004a1   0x14  Code  Gb  exit.o [5]
__iar_data_init3        0x00000439   0x28  Code  Gb  data_init.o [4]
__iar_program_start     0x000004e5         Code  Gb  cstartup_M.o [4]
__iar_zero_init3        0x000003c9   0x40  Code  Gb  zero_init3.o [4]
__low_level_init        0x0000048b    0x4  Code  Gb  low_level_init.o [3]
__vector_table          0x00000000  0x26c  Data  Gb  startup_tm4c.o [1]
_call_main              0x0000047d         Code  Gb  cmain.o [4]
_exit                   0x00000495         Code  Gb  cexit.o [4]
_main                   0x00000487         Code  Gb  cmain.o [4]
assert_failed           0x0000031f    0x6  Code  Gb  bsp.o [1]
exit                    0x0000048f    0x4  Code  Gb  exit.o [3]
flag                    0x20000000    0x1  Data  Gb  bsp.o [1]
main                    0x00000409   0x30  Code  Gb  main.o [1]
uDMAError_IRQHandler    0x000003a7    0xa  Code  Wk  startup_tm4c.o [1]
uDMAST_IRQHandler       0x000003a7    0xa  Code  Wk  startup_tm4c.o [1]


[1] = C:\Users\Sabari\Desktop\ARM-PRJ\timer\Debug\Obj
[2] = command line
[3] = dl7M_tln.a
[4] = rt7M_tl.a
[5] = shb_l.a

    580 bytes of readonly  code memory
    692 bytes of readonly  data memory
  4 097 bytes of readwrite data memory

Errors: none
Warnings: none
